.\apache-maven-3.9.6\bin\mvn.cmd : WARNING: A restricted method in java.lang.System has been called
At line:1 char:1
+ .\apache-maven-3.9.6\bin\mvn.cmd -pl common-library,news-service -am  ...
+ ~~~~~~~~~~~~~~~~~~~~~~~~~~~~~~~~~~~~~~~~~~~~~~~~~~~~~~~~~~~~~~~~~~~~~
    + CategoryInfo          : NotSpecified: (WARNING: A rest...has been called:String) [], RemoteException
    + FullyQualifiedErrorId : NativeCommandError
 
WARNING: java.lang.System::load has been called by org.fusesource.jansi.internal.JansiLoader in an unnamed module 
(file:/C:/Users/hp/ai-news-platform/apache-maven-3.9.6/lib/jansi-2.4.0.jar)
WARNING: Use --enable-native-access=ALL-UNNAMED to avoid a warning for callers in this module
WARNING: Restricted methods will be blocked in a future release unless native access is enabled

WARNING: A terminally deprecated method in sun.misc.Unsafe has been called
WARNING: sun.misc.Unsafe::objectFieldOffset has been called by 
com.google.common.util.concurrent.AbstractFuture$UnsafeAtomicHelper 
(file:/C:/Users/hp/ai-news-platform/apache-maven-3.9.6/lib/guava-32.0.1-jre.jar)
WARNING: Please consider reporting this to the maintainers of class 
com.google.common.util.concurrent.AbstractFuture$UnsafeAtomicHelper
WARNING: sun.misc.Unsafe::objectFieldOffset will be removed in a future release
[INFO] Scanning for projects...
[INFO] ------------------------------------------------------------------------
[INFO] Reactor Build Order:
[INFO] 
[INFO] AI News Platform                                                   [pom]
[INFO] common-library                                                     [jar]
[INFO] news-service                                                       [jar]
[INFO] 
[INFO] -----------------< com.newsplatform:ai-news-platform >------------------
[INFO] Building AI News Platform 0.1.0-SNAPSHOT                           [1/3]
[INFO]   from pom.xml
[INFO] --------------------------------[ pom ]---------------------------------
[INFO] 
[INFO] --- clean:3.2.0:clean (default-clean) @ ai-news-platform ---
[INFO] 
[INFO] ------------------< com.newsplatform:common-library >-------------------
[INFO] Building common-library 0.1.0-SNAPSHOT                             [2/3]
[INFO]   from common-library\pom.xml
[INFO] --------------------------------[ jar ]---------------------------------
[INFO] 
[INFO] --- clean:3.2.0:clean (default-clean) @ common-library ---
[INFO] Deleting C:\Users\hp\ai-news-platform\common-library\target
[INFO] 
[INFO] --- resources:3.3.1:resources (default-resources) @ common-library ---
[INFO] Copying 2 resources from src\main\resources to target\classes
[INFO] 
[INFO] --- compiler:3.13.0:compile (default-compile) @ common-library ---
[INFO] Recompiling the module because of changed source code.
[INFO] Compiling 15 source files with javac [debug release 21] to target\classes
[INFO] 
[INFO] --- resources:3.3.1:testResources (default-testResources) @ common-library ---
[INFO] skip non existing resourceDirectory C:\Users\hp\ai-news-platform\common-library\src\test\resources
[INFO] 
[INFO] --- compiler:3.13.0:testCompile (default-testCompile) @ common-library ---
[INFO] No sources to compile
[INFO] 
[INFO] --- surefire:3.5.2:test (default-test) @ common-library ---
[INFO] Tests are skipped.
[INFO] 
[INFO] --- jar:3.3.0:jar (default-jar) @ common-library ---
[INFO] Building jar: C:\Users\hp\ai-news-platform\common-library\target\common-library-0.1.0-SNAPSHOT.jar
[INFO] 
[INFO] -------------------< com.newsplatform:news-service >--------------------
[INFO] Building news-service 0.1.0-SNAPSHOT                               [3/3]
[INFO]   from news-service\pom.xml
[INFO] --------------------------------[ jar ]---------------------------------
[INFO] 
[INFO] --- clean:3.2.0:clean (default-clean) @ news-service ---
[INFO] Deleting C:\Users\hp\ai-news-platform\news-service\target
[INFO] 
[INFO] --- resources:3.3.1:resources (default-resources) @ news-service ---
[INFO] Copying 10 resources from src\main\resources to target\classes
[INFO] 
[INFO] --- compiler:3.13.0:compile (default-compile) @ news-service ---
[INFO] Recompiling the module because of changed dependency.
[INFO] Compiling 57 source files with javac [debug release 21] to target\classes
[INFO] /C:/Users/hp/ai-news-platform/news-service/src/main/java/com/newsplatform/news/service/GeminiClient.java: C:\Users\hp\ai-news-platform\news-service\src\main\java\com\newsplatform\news\service\GeminiClient.java uses or overrides a deprecated API.
[INFO] /C:/Users/hp/ai-news-platform/news-service/src/main/java/com/newsplatform/news/service/GeminiClient.java: Recompile with -Xlint:deprecation for details.
[INFO] 
[INFO] --- resources:3.3.1:testResources (default-testResources) @ news-service ---
[INFO] Copying 1 resource from src\test\resources to target\test-classes
[INFO] 
[INFO] --- compiler:3.13.0:testCompile (default-testCompile) @ news-service ---
[INFO] Recompiling the module because of changed dependency.
[INFO] Compiling 10 source files with javac [debug release 21] to target\test-classes
[INFO] 
[INFO] --- surefire:3.5.2:test (default-test) @ news-service ---
[INFO] Tests are skipped.
[INFO] 
[INFO] --- jar:3.3.0:jar (default-jar) @ news-service ---
[INFO] Building jar: C:\Users\hp\ai-news-platform\news-service\target\news-service-0.1.0-SNAPSHOT.jar
[INFO] 
[INFO] --- spring-boot:3.4.5:repackage (default) @ news-service ---
[INFO] Replacing main artifact C:\Users\hp\ai-news-platform\news-service\target\news-service-0.1.0-SNAPSHOT.jar with repackaged archive, adding nested dependencies in BOOT-INF/.
[INFO] The original artifact has been renamed to C:\Users\hp\ai-news-platform\news-service\target\news-service-0.1.0-SNAPSHOT.jar.original
[INFO] ------------------------------------------------------------------------
[INFO] Reactor Summary for AI News Platform 0.1.0-SNAPSHOT:
[INFO] 
[INFO] AI News Platform ................................... SUCCESS [  0.286 s]
[INFO] common-library ..................................... SUCCESS [  5.064 s]
[INFO] news-service ....................................... SUCCESS [ 14.593 s]
[INFO] ------------------------------------------------------------------------
[INFO] BUILD SUCCESS
[INFO] ------------------------------------------------------------------------
[INFO] Total time:  20.709 s
[INFO] Finished at: 2026-08-11T11:27:23+05:00
[INFO] ------------------------------------------------------------------------
